I'm sorry, but errors were detected in your script. Please correct the
errors listed below, and try again.


File "game/script.rpy", line 507: choice menuitem expects a non-empty block.
    "Yui":
          ^

Ren'Py Version: Ren'Py 7.3.5.606
Tue Jun 30 20:49:30 2020
